CLA: 00, INS: a4, P1: 04, P2: 00, Lc: 0a, a0, 00, 00, 00, 62, 03, 01, 0c, 02, 01, Le: 11, 6f, 0f, 84, 0a, a0, 00, 00, 00, 62, 03, 01, 0c, 02, 03, a5, 01, 42, SW1: 90, SW2: 00
CLA: 00, INS: 20, P1: 00, P2: 82, Lc: 04, 01, 02, 03, 04, Le: 00, SW1: 90, SW2: 00
CLA: 80, INS: 20, P1: 01, P2: 00, Lc: 0a, 61, a8, 22, 44, 66, 88, 00, 00, 00, 00, Le: 13, 05, 05, 05, 05, 0c, 1f, 62, 00, 00, 00, 07, 00, 00, 00, 00, 00, 00, 00, 00, SW1: 90, SW2: 00
CLA: 80, INS: 22, P1: 00, P2: 00, Lc: 0d, 00, 00, 00, 00, 00, 00, 00, 00, 0a, 1b, 61, 0f, 21, Le: 0a, 61, a8, 00, 00, 00, 00, 00, 00, 00, 00, SW1: 90, SW2: 00
CLA: 80, INS: 20, P1: 02, P2: 00, Lc: 0a, 09, c4, 22, 44, 66, 88, 00, 00, 00, 00, Le: 13, 05, 05, 05, 05, 0c, 1f, 62, 61, a8, 00, 08, 00, 00, 00, 00, 00, 00, 00, 00, SW1: 90, SW2: 00
CLA: 80, INS: 22, P1: 00, P2: 00, Lc: 0d, 00, 00, 00, 00, 00, 00, 00, 00, 0a, 1b, 61, 0f, 23, Le: 0a, 57, e4, 00, 00, 00, 00, 00, 00, 00, 00, SW1: 90, SW2: 00
CLA: 00, INS: a4, P1: 04, P2: 00, Lc: 0a, a0, 00, 00, 00, 62, 03, 01, 0c, 02, 01, Le: 11, 6f, 0f, 84, 0a, a0, 00, 00, 00, 62, 03, 01, 0c, 02, 03, a5, 01, 42, SW1: 90, SW2: 00
CLA: 00, INS: 20, P1: 00, P2: 82, Lc: 04, 01, 02, 03, 04, Le: 00, SW1: 90, SW2: 00
CLA: 80, INS: 20, P1: 02, P2: 00, Lc: 0a, 08, f7, 33, 55, 77, 99, 00, 00, 00, 00, Le: 13, 05, 05, 05, 05, 0c, 1f, 62, 57, e4, 00, 09, 00, 00, 00, 00, 00, 00, 00, 00, SW1: 90, SW2: 00
CLA: 80, INS: 22, P1: 00, P2: 00, Lc: 0d, 00, 00, 00, 00, 00, 00, 00, 00, 0a, 1b, 61, 11, 2d, Le: 0a, 4e, ed, 00, 00, 00, 00, 00, 00, 00, 00, SW1: 90, SW2: 00
CLA: 00, INS: a4, P1: 04, P2: 00, Lc: 0a, a0, 00, 00, 00, 62, 03, 01, 0c, 02, 01, Le: 11, 6f, 0f, 84, 0a, a0, 00, 00, 00, 62, 03, 01, 0c, 02, 03, a5, 01, 42, SW1: 90, SW2: 00
CLA: 00, INS: 20, P1: 00, P2: 82, Lc: 04, 01, 02, 03, 04, Le: 00, SW1: 90, SW2: 00
CLA: 00, INS: b2, P1: 01, P2: 24, Lc: 00, Le: 06, 4e, ed, 7d, 00, 4e, 20, SW1: 90, SW2: 00
CLA: 00, INS: b2, P1: 01, P2: 1c, Lc: 00, Le: 12, 00, 09, 02, 08, f7, 33, 55, 77, 99, 0a, 1b, 61, 11, 2d, 4e, ed, 90, 00, SW1: 90, SW2: 00
CLA: 80, INS: 20, P1: 02, P2: 00, Lc: 0a, 03, da, 33, 44, 55, 66, 00, 00, 00, 00, Le: 13, 05, 05, 05, 05, 0c, 1f, 62, 4e, ed, 00, 0a, 00, 00, 00, 00, 00, 00, 00, 00, SW1: 90, SW2: 00
CLA: 80, INS: 22, P1: 00, P2: 00, Lc: 0d, 00, 00, 00, 00, 00, 00, 00, 00, 0a, 1c, 61, 12, 35, Le: 0a, 4b, 13, 00, 00, 00, 00, 00, 00, 00, 00, SW1: 90, SW2: 00
CLA: 80, INS: 20, P1: 02, P2: 00, Lc: 0a, 4b, 13, 33, 44, 55, 66, 00, 00, 00, 00, Le: 13, 05, 05, 05, 05, 0c, 1f, 62, 4b, 13, 00, 0b, 00, 00, 00, 00, 00, 00, 00, 00, SW1: 90, SW2: 00
CLA: 80, INS: 22, P1: 00, P2: 00, Lc: 0d, 00, 00, 00, 00, 00, 00, 00, 00, 0a, 1c, 61, 12, 35, Le: 0a, 00, 00, 00, 00, 00, 00, 00, 00, 00, 00, SW1: 90, SW2: 00
