CLA: 00, INS: a4, P1: 04, P2: 00, Lc: 09, a0, 00, 00, 00, 62, 03, 01, 08, 01, Le: 00, SW1: 90, SW2: 00
CAP file download section. Output suppressed.
OUTPUT OFF;
OUTPUT ON;
creating applet
CLA: 80, INS: b8, P1: 00, P2: 00, Lc: 0c, 0a, a0, 00, 00, 00, 62, 03, 01, 0c, 0c, 01, 00, Le: 0a, a0, 00, 00, 00, 62, 03, 01, 0c, 0c, 01, SW1: 90, SW2: 00
CLA: 00, INS: a4, P1: 04, P2: 00, Lc: 0a, a0, 00, 00, 00, 62, 03, 01, 0c, 0c, 01, Le: 00, SW1: 90, SW2: 00
CLA: 80, INS: 10, P1: 00, P2: 00, Lc: 01, 01, Le: 42, a3, 49, 1d, 51, 55, 05, 49, 71, ba, dc, 77, 22, ce, 9a, 51, 71, f8, b1, 88, 8d, 55, 05, d5, 2b, ae, f6, b7, 04, d9, 1d, 09, 35, 17, ec, 73, 11, d5, 7f, fd, eb, b3, d9, 98, 45, f7, 8a, b6, 72, 21, 44, a1, 32, b3, a1, ce, 72, c5, 6d, cc, ee, 18, 64, 2e, 76, 00, 01, SW1: 90, SW2: 00
CLA: 80, INS: 11, P1: 00, P2: 00, Lc: 40, a3, 49, 1d, 51, 55, 05, 49, 71, ba, dc, 77, 22, ce, 9a, 51, 71, f8, b1, 88, 8d, 55, 05, d5, 2b, ae, f6, b7, 04, d9, 1d, 09, 35, 17, ec, 73, 11, d5, 7f, fd, eb, b3, d9, 98, 45, f7, 8a, b6, 72, 21, 44, a1, 32, b3, a1, ce, 72, c5, 6d, cc, ee, 18, 64, 2e, 76, Le: 00, SW1: 90, SW2: 00
