CLA: 00, INS: a4, P1: 04, P2: 00, Lc: 09, a0, 00, 00, 00, 62, 03, 01, 08, 01, Le: 00, SW1: 90, SW2: 00
CAP file download section. Output suppressed.
OUTPUT OFF;
OUTPUT ON;
creating applet
CLA: 80, INS: b8, P1: 00, P2: 00, Lc: 0c, 0a, a0, 00, 00, 00, 62, 03, 01, 0c, 0c, 01, 00, Le: 0a, a0, 00, 00, 00, 62, 03, 01, 0c, 0c, 01, SW1: 90, SW2: 00
CLA: 00, INS: a4, P1: 04, P2: 00, Lc: 0a, a0, 00, 00, 00, 62, 03, 01, 0c, 0c, 01, Le: 00, SW1: 90, SW2: 00
CLA: 80, INS: 10, P1: 00, P2: 00, Lc: 46, 01, 02, 03, 04, 05, 06, 07, 08, 09, 0a, 0b, 0c, 0d, 0e, 0f, 10, 11, 12, 13, 14, 15, 16, 17, 18, 19, 1a, 1b, 1c, 1d, 1e, 1f, 20, 21, 22, 23, 24, 25, 26, 27, 28, 29, 2a, 2b, 2c, 2d, 2e, 2f, 30, 31, 32, 33, 34, 35, 36, 37, 38, 39, 3a, 3b, 3c, 3d, 3e, 3f, 40, 41, 42, 43, 44, 45, 46, Le: 42, 2d, 15, 79, 89, ba, 71, 6d, 31, 6c, 0e, 29, 55, c0, 0e, 80, c3, 5c, a3, e8, a1, 12, 65, e3, 6f, b2, 51, 44, 7d, 30, 4a, 24, cf, a1, 1b, aa, 30, 48, d3, 70, 4a, 0b, e7, 9a, 05, 1f, 5f, 87, c7, 8f, e4, ae, bc, de, 0a, 63, 6a, 28, 48, 52, c0, e7, d2, 7f, fe, 00, 2a, SW1: 90, SW2: 00
CLA: 80, INS: 12, P1: 00, P2: 00, Lc: 40, 2d, 15, 79, 89, ba, 71, 6d, 31, 6c, 0e, 29, 55, c0, 0e, 80, c3, 5c, a3, e8, a1, 12, 65, e3, 6f, b2, 51, 44, 7d, 30, 4a, 24, cf, a1, 1b, aa, 30, 48, d3, 70, 4a, 0b, e7, 9a, 05, 1f, 5f, 87, c7, 8f, e4, ae, bc, de, 0a, 63, 6a, 28, 48, 52, c0, e7, d2, 7f, fe, Le: 02, 00, 2a, SW1: 90, SW2: 00
CLA: 80, INS: 12, P1: 00, P2: 00, Lc: 1c, 2b, 2c, 2d, 2e, 2f, 30, 31, 32, 33, 34, 35, 36, 37, 38, 39, 3a, 3b, 3c, 3d, 3e, 3f, 40, 41, 42, 43, 44, 45, 46, Le: 00, SW1: 90, SW2: 00
