CLA: 00, INS: a4, P1: 04, P2: 00, Lc: 09, a0, 00, 00, 00, 62, 03, 01, 08, 01, Le: 00, SW1: 90, SW2: 00
CAP file download section. Output suppressed.
OUTPUT OFF;
OUTPUT ON;
Functional test section.
CLA: 00, INS: a4, P1: 04, P2: 00, Lc: 0b, a0, 00, 00, 00, 62, 03, 01, 0c, 07, 01, 01, Le: 00, SW1: 90, SW2: 00
CLA: 80, INS: 16, P1: 00, P2: 00, Lc: 00, Le: 00, SW1: 90, SW2: 00
CLA: 00, INS: a4, P1: 04, P2: 00, Lc: 09, a0, 00, 00, 00, 62, 03, 01, 08, 01, Le: 00, SW1: 90, SW2: 00
CLA: 80, INS: c4, P1: 01, P2: 00, Lc: 0c, 0b, a0, 00, 00, 00, 62, 03, 01, 0c, 07, 01, 01, Le: 00, SW1: 90, SW2: 00
CLA: 80, INS: c4, P1: 01, P2: 00, Lc: 0c, 0b, a0, 00, 00, 00, 62, 03, 01, 0c, 07, 01, 01, Le: 00, SW1: 64, SW2: 43
CLA: 80, INS: b8, P1: 00, P2: 00, Lc: 0d, 0b, a0, 00, 00, 00, 62, 03, 01, 0c, 07, 01, 01, 00, Le: 0b, a0, 00, 00, 00, 62, 03, 01, 0c, 07, 01, 01, SW1: 90, SW2: 00
CLA: 80, INS: b8, P1: 00, P2: 00, Lc: 0d, 0b, a0, 00, 00, 00, 62, 03, 01, 0c, 07, 02, 01, 00, Le: 0b, a0, 00, 00, 00, 62, 03, 01, 0c, 07, 02, 01, SW1: 90, SW2: 00
CLA: 80, INS: b8, P1: 00, P2: 00, Lc: 1b, 0b, a0, 00, 00, 00, 62, 03, 01, 0c, 07, 02, 01, 0e, 0b, a0, 00, 00, 00, 62, 03, 01, 0c, 07, 02, 02, 00, 00, Le: 0b, a0, 00, 00, 00, 62, 03, 01, 0c, 07, 02, 02, SW1: 90, SW2: 00
CLA: 80, INS: c4, P1: 01, P2: 00, Lc: 0c, 0b, a0, 00, 00, 00, 62, 03, 01, 0c, 07, 02, 01, Le: 00, SW1: 64, SW2: 48
CLA: 00, INS: a4, P1: 04, P2: 00, Lc: 0b, a0, 00, 00, 00, 62, 03, 01, 0c, 07, 01, 01, Le: 00, SW1: 90, SW2: 00
CLA: 80, INS: 21, P1: 00, P2: 00, Lc: 00, Le: 00, SW1: 90, SW2: 00
CLA: 00, INS: a4, P1: 04, P2: 00, Lc: 09, a0, 00, 00, 00, 62, 03, 01, 08, 01, Le: 00, SW1: 90, SW2: 00
CLA: 80, INS: c4, P1: 02, P2: 00, Lc: 18, 0b, a0, 00, 00, 00, 62, 03, 01, 0c, 07, 02, 01, 0b, a0, 00, 00, 00, 62, 03, 01, 0c, 07, 02, 02, Le: 00, SW1: 64, SW2: 48
CLA: 00, INS: a4, P1: 04, P2: 00, Lc: 0b, a0, 00, 00, 00, 62, 03, 01, 0c, 07, 01, 01, Le: 00, SW1: 90, SW2: 00
CLA: 80, INS: 22, P1: 00, P2: 00, Lc: 00, Le: 00, SW1: 90, SW2: 00
CLA: 00, INS: a4, P1: 04, P2: 00, Lc: 09, a0, 00, 00, 00, 62, 03, 01, 08, 01, Le: 00, SW1: 90, SW2: 00
CLA: 80, INS: c4, P1: 02, P2: 00, Lc: 18, 0b, a0, 00, 00, 00, 62, 03, 01, 0c, 07, 02, 01, 0b, a0, 00, 00, 00, 62, 03, 01, 0c, 07, 02, 02, Le: 00, SW1: 90, SW2: 00
CLA: 80, INS: b8, P1: 00, P2: 00, Lc: 0d, 0b, a0, 00, 00, 00, 62, 03, 01, 0c, 07, 02, 01, 00, Le: 0b, a0, 00, 00, 00, 62, 03, 01, 0c, 07, 02, 01, SW1: 90, SW2: 00
CLA: 80, INS: b8, P1: 00, P2: 00, Lc: 1b, 0b, a0, 00, 00, 00, 62, 03, 01, 0c, 07, 02, 01, 0e, 0b, a0, 00, 00, 00, 62, 03, 01, 0c, 07, 02, 02, 00, 00, Le: 0b, a0, 00, 00, 00, 62, 03, 01, 0c, 07, 02, 02, SW1: 90, SW2: 00
CLA: 00, INS: a4, P1: 04, P2: 00, Lc: 0b, a0, 00, 00, 00, 62, 03, 01, 0c, 07, 02, 02, Le: 00, SW1: 90, SW2: 00
CLA: 80, INS: 12, P1: 00, P2: 00, Lc: 00, Le: 00, SW1: 90, SW2: 00
CLA: 00, INS: a4, P1: 04, P2: 00, Lc: 09, a0, 00, 00, 00, 62, 03, 01, 08, 01, Le: 00, SW1: 90, SW2: 00
CLA: 80, INS: c4, P1: 01, P2: 00, Lc: 0c, 0b, a0, 00, 00, 00, 62, 03, 01, 0c, 07, 02, 02, Le: 00, SW1: 90, SW2: 00
CLA: 80, INS: c4, P1: 01, P2: 00, Lc: 0c, 0b, a0, 00, 00, 00, 62, 03, 01, 0c, 07, 02, 01, Le: 00, SW1: 90, SW2: 00
CLA: 00, INS: a4, P1: 04, P2: 00, Lc: 0b, a0, 00, 00, 00, 62, 03, 01, 0c, 07, 01, 01, Le: 00, SW1: 90, SW2: 00
CLA: 80, INS: 18, P1: 00, P2: 00, Lc: 00, Le: 00, SW1: 90, SW2: 00
CLA: 00, INS: a4, P1: 04, P2: 00, Lc: 09, a0, 00, 00, 00, 62, 03, 01, 08, 01, Le: 00, SW1: 90, SW2: 00
CLA: 80, INS: b8, P1: 00, P2: 00, Lc: 0d, 0b, a0, 00, 00, 00, 62, 03, 01, 0c, 07, 02, 01, 00, Le: 0b, a0, 00, 00, 00, 62, 03, 01, 0c, 07, 02, 01, SW1: 90, SW2: 00
CLA: 80, INS: c0, P1: 00, P2: 00, Lc: 0b, 0a, a0, 00, 00, 00, 62, 03, 01, 0c, 07, 02, Le: 00, SW1: 64, SW2: 4d
CLA: 80, INS: c0, P1: 00, P2: 00, Lc: 0b, 0a, a0, 00, 00, 00, 62, 03, 01, 0c, 07, 03, Le: 00, SW1: 64, SW2: 4c
CLA: 80, INS: c2, P1: 00, P2: 00, Lc: 0b, 0a, a0, 00, 00, 00, 62, 03, 01, 0c, 07, 02, Le: 00, SW1: 90, SW2: 00
CLA: 80, INS: c0, P1: 00, P2: 00, Lc: 0b, 0a, a0, 00, 00, 00, 62, 03, 01, 0c, 07, 03, Le: 00, SW1: 90, SW2: 00
