CLA: 00, INS: a4, P1: 04, P2: 00, Lc: 09, a0, 00, 00, 00, 62, 03, 01, 08, 01, Le: 00, SW1: 90, SW2: 00
CAP file download section. Output suppressed.
OUTPUT OFF;
OUTPUT ON;
CLA: 80, INS: b8, P1: 00, P2: 00, Lc: 0d, 0b, a0, 00, 00, 00, 62, 03, 01, 0c, 0f, 01, 01, 00, Le: 0b, a0, 00, 00, 00, 62, 03, 01, 0c, 0f, 01, 01, SW1: 90, SW2: 00
CLA: 00, INS: a4, P1: 04, P2: 00, Lc: 0b, a0, 00, 00, 00, 62, 03, 01, 0c, 0f, 01, 01, Le: 00, SW1: 90, SW2: 00
CLA: 80, INS: 10, P1: 00, P2: 00, Lc: 14, 01, 02, 03, 04, 05, 06, 07, 08, 09, 0a, 0b, 0c, 0d, 0e, 0f, 10, 11, 12, 13, 14, Le: 00, SW1: 90, SW2: 00
CLA: 00, INS: a4, P1: 04, P2: 00, Lc: 09, a0, 00, 00, 00, 62, 03, 01, 08, 01, Le: 00, SW1: 90, SW2: 00
CLA: 80, INS: b8, P1: 00, P2: 00, Lc: 0d, 0b, a0, 00, 00, 00, 62, 03, 01, 0c, 0f, 02, 01, 00, Le: 0b, a0, 00, 00, 00, 62, 03, 01, 0c, 0f, 02, 01, SW1: 90, SW2: 00
CLA: 00, INS: a4, P1: 04, P2: 00, Lc: 0b, a0, 00, 00, 00, 62, 03, 01, 0c, 0f, 02, 01, Le: 00, SW1: 90, SW2: 00
CLA: 80, INS: 10, P1: 00, P2: 00, Lc: 00, Le: 04, 01, 00, 00, 32, SW1: 90, SW2: 00
CLA: 80, INS: 11, P1: 00, P2: 00, Lc: 14, 01, 02, 03, 04, 05, 06, 07, 08, 09, 0a, 0b, 0c, 0d, 0e, 0f, 10, 11, 12, 13, 14, Le: 00, SW1: 90, SW2: 00
