CLA: 00, INS: a4, P1: 04, P2: 00, Lc: 09, a0, 00, 00, 00, 62, 03, 01, 08, 01, Le: 00, SW1: 90, SW2: 00
CAP file download section. Output suppressed.
OUTPUT OFF;
OUTPUT ON;
Applet creation and functional test section.
CLA: 80, INS: b8, P1: 00, P2: 00, Lc: 0c, 0a, a0, 00, 00, 00, 62, 03, 01, 0c, 0b, 01, 00, Le: 0a, a0, 00, 00, 00, 62, 03, 01, 0c, 0b, 01, SW1: 90, SW2: 00
CLA: 80, INS: b8, P1: 00, P2: 00, Lc: 0c, 0a, a0, 00, 00, 00, 62, 03, 01, 0c, 05, 01, 00, Le: 0a, a0, 00, 00, 00, 62, 03, 01, 0c, 05, 01, SW1: 90, SW2: 00
CLA: 80, INS: b8, P1: 00, P2: 00, Lc: 14, 0a, a0, 00, 00, 00, 62, 03, 01, 0c, 06, 01, 08, 00, 00, 05, 01, 02, 03, 04, 05, Le: 0a, a0, 00, 00, 00, 62, 03, 01, 0c, 06, 01, SW1: 90, SW2: 00
CLA: 80, INS: b8, P1: 00, P2: 00, Lc: 0c, 0a, a0, 00, 00, 00, 62, 03, 01, 0c, 08, 01, 00, Le: 0a, a0, 00, 00, 00, 62, 03, 01, 0c, 08, 01, SW1: 90, SW2: 00
CLA: 80, INS: b8, P1: 00, P2: 00, Lc: 0c, 0a, a0, 00, 00, 00, 62, 03, 01, 0c, 0a, 01, 00, Le: 0a, a0, 00, 00, 00, 62, 03, 01, 0c, 0a, 01, SW1: 90, SW2: 00
CLA: 00, INS: a4, P1: 04, P2: 00, Lc: 0a, a0, 00, 00, 00, 62, 03, 01, 0c, 0b, 01, Le: 11, 6f, 0f, 84, 0a, a0, 00, 00, 00, 62, 03, 01, 0c, 0b, 03, a5, 01, 42, SW1: 90, SW2: 00
CLA: 80, INS: 24, P1: 00, P2: 00, Lc: 00, Le: 09, 00, 00, 00, 00, 0c, 1f, 63, 00, 01, SW1: 90, SW2: 00
CLA: 80, INS: 26, P1: 00, P2: 00, Lc: 1a, 11, 22, 33, 44, 00, 00, 00, 00, c1, 08, 01, 02, 03, 04, 05, 06, 07, 08, 19, 82, d1, 8e, 8d, e8, 18, dc, Le: 08, 3f, a5, 47, f9, a6, 91, 40, 2f, SW1: 90, SW2: 00
CLA: 00, INS: 20, P1: 00, P2: 81, Lc: 08, 01, 02, 03, 04, 05, 06, 07, 08, Le: 00, SW1: 90, SW2: 00
CLA: 80, INS: 24, P1: 00, P2: 00, Lc: 00, Le: 09, 00, 00, 00, 00, 0c, 1f, 63, 00, 02, SW1: 90, SW2: 00
CLA: 80, INS: 26, P1: 00, P2: 00, Lc: 16, 11, 22, 33, 44, 00, 00, 00, 00, c2, 04, 01, 02, 03, 04, 86, 39, 91, 2c, 5a, 10, 59, 47, Le: 08, 3f, a5, 47, f9, a6, 91, 40, 2f, SW1: 90, SW2: 00
CLA: 80, INS: 24, P1: 00, P2: 00, Lc: 00, Le: 09, 00, 00, 00, 00, 0c, 1f, 63, 00, 03, SW1: 90, SW2: 00
CLA: 80, INS: 26, P1: 00, P2: 00, Lc: 15, 11, 22, 33, 44, 00, 00, 00, 00, c5, 03, 0c, 1f, 62, 95, c9, 3b, 6f, 1f, dd, a1, 1a, Le: 08, 3f, a5, 47, f9, a6, 91, 40, 2f, SW1: 90, SW2: 00
CLA: 80, INS: 24, P1: 00, P2: 00, Lc: 00, Le: 09, 00, 00, 00, 00, 0c, 1f, 62, 00, 04, SW1: 90, SW2: 00
CLA: 80, INS: 26, P1: 00, P2: 00, Lc: 16, 11, 22, 33, 44, 00, 00, 00, 00, c6, 04, 05, 05, 05, 05, 7c, 17, b3, 12, 45, 4a, 64, f7, Le: 08, 3f, a5, 47, f9, a6, 91, 40, 2f, SW1: 90, SW2: 00
CLA: 80, INS: 24, P1: 00, P2: 00, Lc: 00, Le: 09, 05, 05, 05, 05, 0c, 1f, 62, 00, 05, SW1: 90, SW2: 00
CLA: 80, INS: 26, P1: 00, P2: 00, Lc: 14, 11, 22, 33, 44, 00, 00, 00, 00, c7, 02, 7d, 00, d7, de, 72, 80, 4f, a5, 95, b8, Le: 08, 3f, a5, 47, f9, a6, 91, 40, 2f, SW1: 90, SW2: 00
CLA: 80, INS: 24, P1: 00, P2: 00, Lc: 00, Le: 09, 05, 05, 05, 05, 0c, 1f, 62, 00, 06, SW1: 90, SW2: 00
CLA: 80, INS: 26, P1: 00, P2: 00, Lc: 14, 11, 22, 33, 44, 00, 00, 00, 00, c8, 02, 0b, b8, a0, 93, 8d, a0, 4c, b0, b4, 47, Le: 08, 3f, a5, 47, f9, a6, 91, 40, 2f, SW1: 90, SW2: 00
CLA: 80, INS: 24, P1: 00, P2: 00, Lc: 00, Le: 09, 05, 05, 05, 05, 0c, 1f, 62, 00, 07, SW1: 90, SW2: 00
CLA: 80, INS: 26, P1: 00, P2: 00, Lc: 16, 11, 22, 33, 44, 00, 00, 00, 00, c9, 04, 02, 01, 00, 01, e8, e5, ac, 09, ec, ea, 5f, fe, Le: 08, 3f, a5, 47, f9, a6, 91, 40, 2f, SW1: 90, SW2: 00
CLA: 80, INS: 24, P1: 00, P2: 00, Lc: 00, Le: 09, 05, 05, 05, 05, 0c, 1f, 62, 00, 08, SW1: 90, SW2: 00
CLA: 80, INS: 26, P1: 00, P2: 00, Lc: 1e, 11, 22, 33, 44, 00, 00, 00, 00, ca, 0c, 33, 55, a0, 00, 00, 00, 62, 03, 01, 0c, 05, 01, b1, 5d, 5a, 4b, c1, 3f, 62, 0b, Le: 08, 3f, a5, 47, f9, a6, 91, 40, 2f, SW1: 90, SW2: 00
CLA: 00, INS: a4, P1: 04, P2: 00, Lc: 0a, a0, 00, 00, 00, 62, 03, 01, 0c, 0b, 01, Le: 11, 6f, 0f, 84, 0a, a0, 00, 00, 00, 62, 03, 01, 0c, 0b, 03, a5, 01, 42, SW1: 90, SW2: 00
CLA: 00, INS: 20, P1: 00, P2: 82, Lc: 04, 01, 02, 03, 04, Le: 00, SW1: 90, SW2: 00
CLA: 80, INS: 20, P1: 01, P2: 00, Lc: 0a, 61, a8, 22, 44, 66, 88, 00, 00, 00, 00, Le: 13, 05, 05, 05, 05, 0c, 1f, 62, 00, 00, 00, 01, 5b, 3c, 1c, 47, 45, d6, 55, cc, SW1: 90, SW2: 00
CLA: 80, INS: 22, P1: 00, P2: 00, Lc: 0d, f5, 4f, 26, eb, 31, 8e, 0e, 7c, 0a, 1b, 61, 0f, 21, Le: 0a, 61, a8, cb, ee, 4b, 04, c6, 08, f2, 5f, SW1: 90, SW2: 00
CLA: 80, INS: 20, P1: 02, P2: 00, Lc: 0a, 09, c4, 22, 44, 66, 88, 00, 00, 00, 00, Le: 13, 05, 05, 05, 05, 0c, 1f, 62, 61, a8, 00, 02, 05, 2b, bc, 50, 7a, 67, 84, 59, SW1: 90, SW2: 00
CLA: 80, INS: 22, P1: 00, P2: 00, Lc: 0d, 3b, 5d, 5a, 80, ba, 47, 08, d5, 0a, 1b, 61, 0f, 23, Le: 0a, 57, e4, 64, ba, b1, 4d, 4e, d5, 72, ec, SW1: 90, SW2: 00
CLA: 00, INS: a4, P1: 04, P2: 00, Lc: 0a, a0, 00, 00, 00, 62, 03, 01, 0c, 0b, 01, Le: 11, 6f, 0f, 84, 0a, a0, 00, 00, 00, 62, 03, 01, 0c, 0b, 03, a5, 01, 42, SW1: 90, SW2: 00
CLA: 00, INS: 20, P1: 00, P2: 82, Lc: 04, 01, 02, 03, 04, Le: 00, SW1: 90, SW2: 00
CLA: 80, INS: 20, P1: 02, P2: 00, Lc: 0a, 08, f7, 33, 55, 77, 99, 00, 00, 00, 00, Le: 13, 05, 05, 05, 05, 0c, 1f, 62, 57, e4, 00, 03, 7c, 4a, d6, e6, 69, a3, 03, f2, SW1: 90, SW2: 00
CLA: 80, INS: 22, P1: 00, P2: 00, Lc: 0d, 5d, 41, e2, ac, a2, 3d, ff, 15, 0a, 1b, 61, 11, 2d, Le: 0a, 4e, ed, 14, 1f, 31, a3, 23, 29, d9, 61, SW1: 90, SW2: 00
CLA: 00, INS: a4, P1: 04, P2: 00, Lc: 0a, a0, 00, 00, 00, 62, 03, 01, 0c, 0b, 01, Le: 11, 6f, 0f, 84, 0a, a0, 00, 00, 00, 62, 03, 01, 0c, 0b, 03, a5, 01, 42, SW1: 90, SW2: 00
CLA: 80, INS: 20, P1: 02, P2: 00, Lc: 0a, 08, f7, 33, 44, 55, 66, 00, 00, 00, 00, Le: 00, SW1: 69, SW2: 82
CLA: 00, INS: 20, P1: 00, P2: 82, Lc: 04, 01, 03, 05, 07, Le: 00, SW1: 69, SW2: c4
CLA: 80, INS: 20, P1: 02, P2: 00, Lc: 0a, 08, f7, 33, 44, 55, 66, 00, 00, 00, 00, Le: 00, SW1: 69, SW2: 82
CLA: 00, INS: 20, P1: 00, P2: 82, Lc: 04, 01, 02, 03, 04, Le: 00, SW1: 90, SW2: 00
CLA: 80, INS: 22, P1: 00, P2: 00, Lc: 0d, 85, 1f, 35, 96, 53, da, 25, a2, 0a, 1c, 61, 12, 2d, Le: 00, SW1: 91, SW2: 04
CLA: 80, INS: 20, P1: 02, P2: 00, Lc: 0a, 08, f7, 33, 44, 55, 66, 00, 00, 00, 00, Le: 13, 05, 05, 05, 05, 0c, 1f, 62, 4e, ed, 00, 04, 6e, d4, 74, cd, ba, 0c, 60, a9, SW1: 90, SW2: 00
CLA: 80, INS: 22, P1: 00, P2: 00, Lc: 0d, 11, 11, 11, 11, 11, 11, 11, 11, 0a, 1c, 61, 12, 30, Le: 00, SW1: 91, SW2: 05
CLA: 80, INS: 22, P1: 00, P2: 00, Lc: 0d, 35, a9, 3b, 26, 50, 58, 97, 93, 0a, 1c, 61, 12, 32, Le: 00, SW1: 91, SW2: 04
CLA: 80, INS: 20, P1: 02, P2: 00, Lc: 0a, 03, da, 33, 44, 55, 66, 00, 00, 00, 00, Le: 13, 05, 05, 05, 05, 0c, 1f, 62, 4e, ed, 00, 05, ec, 31, 15, 0d, 78, a0, 16, c7, SW1: 90, SW2: 00
CLA: 80, INS: 22, P1: 00, P2: 00, Lc: 0d, 65, 79, 7a, 49, 24, 35, f5, 14, 0a, 1c, 61, 12, 35, Le: 0a, 4b, 13, 53, b9, 82, c7, 70, 4c, 78, 70, SW1: 90, SW2: 00
CLA: 80, INS: 20, P1: 02, P2: 00, Lc: 0a, 0b, b9, 33, 44, 55, 66, 00, 00, 00, 00, Le: 00, SW1: 91, SW2: 03
CLA: 80, INS: 20, P1: 01, P2: 00, Lc: 0a, 31, ee, 33, 44, 55, 66, 00, 00, 00, 00, Le: 00, SW1: 91, SW2: 01
CLA: 00, INS: a4, P1: 04, P2: 00, Lc: 0a, a0, 00, 00, 00, 62, 03, 01, 0c, 0b, 01, Le: 11, 6f, 0f, 84, 0a, a0, 00, 00, 00, 62, 03, 01, 0c, 0b, 03, a5, 01, 42, SW1: 90, SW2: 00
CLA: 00, INS: 20, P1: 00, P2: 82, Lc: 04, 01, 02, 03, 04, Le: 00, SW1: 90, SW2: 00
CLA: 00, INS: b2, P1: 01, P2: 24, Lc: 00, Le: 06, 4b, 13, 7d, 00, 0b, b8, SW1: 90, SW2: 00
CLA: 00, INS: b2, P1: 01, P2: 1c, Lc: 00, Le: 12, 00, 05, 02, 03, da, 33, 44, 55, 66, 0a, 1c, 61, 12, 35, 4b, 13, 90, 00, SW1: 90, SW2: 00
CLA: 00, INS: b2, P1: 02, P2: 1c, Lc: 00, Le: 12, 00, 04, 02, 08, f7, 33, 44, 55, 66, 0a, 1c, 61, 12, 30, 4e, ed, 91, 05, SW1: 90, SW2: 00
CLA: 00, INS: b2, P1: 03, P2: 1c, Lc: 00, Le: 12, 00, 03, 02, 08, f7, 33, 55, 77, 99, 0a, 1b, 61, 11, 2d, 4e, ed, 90, 00, SW1: 90, SW2: 00
CLA: 00, INS: b2, P1: 05, P2: 1c, Lc: 00, Le: 12, 00, 01, 01, 61, a8, 22, 44, 66, 88, 0a, 1b, 61, 0f, 21, 61, a8, 90, 00, SW1: 90, SW2: 00
CLA: 00, INS: b2, P1: 06, P2: 1c, Lc: 00, Le: 12, 00, 00, 00, 00, 00, 00, 00, 00, 00, 00, 00, 00, 00, 00, 00, 00, 00, 00, SW1: 90, SW2: 00
CLA: 00, INS: b2, P1: c5, P2: 10, Lc: 00, Le: 00, SW1: 69, SW2: 82
CLA: 00, INS: 20, P1: 00, P2: 81, Lc: 08, 01, 02, 03, 04, 05, 06, 07, 08, Le: 00, SW1: 90, SW2: 00
CLA: 00, INS: b2, P1: c5, P2: 10, Lc: 00, Le: 05, c5, 03, 0c, 1f, 62, SW1: 90, SW2: 00
CLA: 00, INS: a4, P1: 02, P2: 0c, Lc: 02, 91, 03, Le: 00, SW1: 90, SW2: 00
CLA: 00, INS: b2, P1: 01, P2: 04, Lc: 00, Le: 12, 00, 05, 02, 03, da, 33, 44, 55, 66, 0a, 1c, 61, 12, 35, 4b, 13, 90, 00, SW1: 90, SW2: 00
CLA: 00, INS: a4, P1: 04, P2: 00, Lc: 0a, a0, 00, 00, 00, 62, 03, 01, 0c, 0b, 01, Le: 11, 6f, 0f, 84, 0a, a0, 00, 00, 00, 62, 03, 01, 0c, 0b, 03, a5, 01, 42, SW1: 90, SW2: 00
CLA: 00, INS: 20, P1: 00, P2: 82, Lc: 04, 01, 02, 03, 04, Le: 00, SW1: 90, SW2: 00
CLA: 80, INS: 34, P1: 00, P2: 00, Lc: 00, Le: 00, SW1: 6d, SW2: 00
CLA: 60, INS: 00, P1: 00, P2: 00, Lc: 00, Le: 00, SW1: 69, SW2: 99
CLA: 00, INS: 74, P1: 00, P2: 00, Lc: 00, Le: 00, SW1: 6d, SW2: 00
CLA: 80, INS: 20, P1: 03, P2: 00, Lc: 0a, 0b, b9, 33, 44, 55, 66, 00, 00, 00, 00, Le: 00, SW1: 6a, SW2: 86
CLA: 80, INS: 20, P1: 02, P2: 11, Lc: 0a, 0b, b9, 33, 44, 55, 66, 00, 00, 00, 00, Le: 00, SW1: 6a, SW2: 86
CLA: 80, INS: 20, P1: 02, P2: 11, Lc: 0b, 0b, b9, 33, 44, 55, 66, 00, 00, 00, 00, 00, Le: 00, SW1: 67, SW2: 00
CLA: 80, INS: 20, P1: 02, P2: 00, Lc: 0a, 03, da, 33, 44, 55, 66, 00, 00, 00, 00, Le: 13, 05, 05, 05, 05, 0c, 1f, 62, 4b, 13, 00, 06, 31, 70, 75, f2, 64, 42, 23, 6c, SW1: 90, SW2: 00
CLA: 80, INS: 22, P1: 00, P2: 00, Lc: 0c, 00, 00, 00, 00, 00, 00, 00, 0a, 1c, 61, 12, 35, Le: 00, SW1: 67, SW2: 00
CLA: 80, INS: 22, P1: 11, P2: 00, Lc: 0d, 00, 00, 00, 00, 00, 00, 00, 00, 0a, 1c, 61, 12, 35, Le: 00, SW1: 6a, SW2: 86
CLA: 80, INS: 22, P1: 00, P2: 11, Lc: 0d, 00, 00, 00, 00, 00, 00, 00, 00, 0a, 1c, 61, 12, 35, Le: 00, SW1: 6a, SW2: 86
CLA: 00, INS: a4, P1: 04, P2: 00, Lc: 0a, a0, 00, 00, 00, 62, 03, 01, 0c, 0b, 01, Le: 11, 6f, 0f, 84, 0a, a0, 00, 00, 00, 62, 03, 01, 0c, 0b, 03, a5, 01, 42, SW1: 90, SW2: 00
CLA: 80, INS: 24, P1: 00, P2: 00, Lc: 00, Le: 00, SW1: 69, SW2: 82
CLA: 00, INS: 20, P1: 00, P2: 86, Lc: 08, 01, 02, 03, 04, 05, 06, 07, 08, Le: 00, SW1: 6a, SW2: 86
CLA: 00, INS: 20, P1: 00, P2: 81, Lc: 08, 01, 02, 03, 04, 05, 06, 07, 08, Le: 00, SW1: 90, SW2: 00
CLA: 80, INS: 24, P1: 11, P2: 00, Lc: 00, Le: 00, SW1: 6a, SW2: 86
CLA: 80, INS: 24, P1: 00, P2: 11, Lc: 00, Le: 00, SW1: 6a, SW2: 86
CLA: 80, INS: 24, P1: 00, P2: 00, Lc: 00, Le: 09, 05, 05, 05, 05, 0c, 1f, 62, 00, 09, SW1: 90, SW2: 00
CLA: 80, INS: 24, P1: 00, P2: 00, Lc: 00, Le: 00, SW1: 91, SW2: 04
CLA: 80, INS: 26, P1: 11, P2: 00, Lc: 15, 11, 22, 33, 44, 00, 00, 00, 00, c5, 03, 0c, 1f, 62, 00, 00, 00, 00, 00, 00, 00, 00, Le: 00, SW1: 6a, SW2: 86
CLA: 80, INS: 26, P1: 00, P2: 11, Lc: 15, 11, 22, 33, 44, 00, 00, 00, 00, c5, 03, 0c, 1f, 62, 00, 00, 00, 00, 00, 00, 00, 00, Le: 00, SW1: 6a, SW2: 86
CLA: 80, INS: 26, P1: 00, P2: 00, Lc: 15, 11, 22, 33, 44, 00, 00, 00, 00, c5, 03, 0c, 1f, 62, 00, 11, 00, 11, 00, 11, 00, 11, Le: 00, SW1: 91, SW2: 05
CLA: 80, INS: 26, P1: 00, P2: 00, Lc: 15, 11, 22, 33, 44, 00, 00, 00, 00, cf, 03, 0c, 1f, 62, 00, 00, 00, 00, 00, 00, 00, 00, Le: 00, SW1: 91, SW2: 05
CLA: 80, INS: 26, P1: 00, P2: 00, Lc: 15, 11, 22, 33, 44, 00, 00, 00, 00, c5, 03, 0c, 1f, 62, 00, 00, 00, 00, 00, 00, 00, 00, Le: 00, SW1: 91, SW2: 05
CLA: 80, INS: 26, P1: 00, P2: 00, Lc: 15, 11, 22, 33, 44, 00, 00, 00, 00, c5, 03, 0c, 1f, 62, 00, 00, 00, 00, 00, 00, 00, 00, Le: 00, SW1: 91, SW2: 05
CLA: 80, INS: 24, P1: 00, P2: 00, Lc: 00, Le: 00, SW1: 91, SW2: 04
CLA: 80, INS: 26, P1: 00, P2: 00, Lc: 14, 11, 22, 33, 44, 00, 00, 00, 00, c8, 02, 4e, 20, 95, c9, 3b, 6f, 1f, dd, a1, 1a, Le: 00, SW1: 91, SW2: 05
CLA: 00, INS: a4, P1: 04, P2: 00, Lc: 0a, a0, 00, 00, 00, 62, 03, 01, 0c, 0b, 01, Le: 11, 6f, 0f, 84, 0a, a0, 00, 00, 00, 62, 03, 01, 0c, 0b, 03, a5, 01, 42, SW1: 90, SW2: 00
CLA: 00, INS: 20, P1: 00, P2: 82, Lc: 04, 01, 02, 03, 04, Le: 00, SW1: 90, SW2: 00
CLA: 80, INS: 20, P1: 02, P2: 00, Lc: 0a, 4e, 1f, 33, 44, 55, 66, 00, 00, 00, 00, Le: 00, SW1: 91, SW2: 03
CLA: 80, INS: 20, P1: 02, P2: 00, Lc: 0a, 4b, 13, 33, 44, 55, 66, 00, 00, 00, 00, Le: 00, SW1: 91, SW2: 03
CLA: 80, INS: 22, P1: 00, P2: 00, Lc: 0d, 00, 00, 00, 00, 00, 00, 00, 00, 0a, 1c, 61, 12, 35, Le: 00, SW1: 91, SW2: 04
CLA: 00, INS: a4, P1: 04, P2: 00, Lc: 0a, a0, 00, 00, 00, 62, 03, 01, 0c, 05, 01, Le: 00, SW1: 90, SW2: 00
CLA: 80, INS: 20, P1: 00, P2: 00, Lc: 00, Le: 02, 00, 16, SW1: 90, SW2: 00
CLA: 80, INS: 22, P1: 00, P2: 00, Lc: 00, Le: 00, SW1: 90, SW2: 00
CLA: 00, INS: a4, P1: 04, P2: 00, Lc: 0a, a0, 00, 00, 00, 62, 03, 01, 0c, 06, 01, Le: 00, SW1: 90, SW2: 00
CLA: 80, INS: 20, P1: 00, P2: 00, Lc: 05, 01, 02, 03, 04, 05, Le: 00, SW1: 90, SW2: 00
CLA: 80, INS: 50, P1: 00, P2: 00, Lc: 00, Le: 02, 00, 00, SW1: 90, SW2: 00
CLA: 80, INS: 40, P1: 00, P2: 00, Lc: 01, 64, Le: 00, SW1: 6a, SW2: 85
CLA: 80, INS: 30, P1: 00, P2: 00, Lc: 01, 64, Le: 00, SW1: 90, SW2: 00
CLA: 80, INS: 50, P1: 00, P2: 00, Lc: 00, Le: 02, 00, 64, SW1: 90, SW2: 00
CLA: 80, INS: 40, P1: 00, P2: 00, Lc: 01, 32, Le: 00, SW1: 90, SW2: 00
CLA: 80, INS: 50, P1: 00, P2: 00, Lc: 00, Le: 02, 00, 32, SW1: 90, SW2: 00
CLA: 80, INS: 30, P1: 00, P2: 00, Lc: 01, 80, Le: 00, SW1: 6a, SW2: 83
CLA: 80, INS: 50, P1: 00, P2: 00, Lc: 00, Le: 02, 00, 32, SW1: 90, SW2: 00
CLA: 80, INS: 40, P1: 00, P2: 00, Lc: 01, 33, Le: 00, SW1: 6a, SW2: 85
CLA: 80, INS: 50, P1: 00, P2: 00, Lc: 00, Le: 02, 00, 32, SW1: 90, SW2: 00
CLA: 80, INS: 40, P1: 00, P2: 00, Lc: 01, 80, Le: 00, SW1: 6a, SW2: 83
CLA: 80, INS: 50, P1: 00, P2: 00, Lc: 00, Le: 02, 00, 32, SW1: 90, SW2: 00
CLA: 00, INS: a4, P1: 04, P2: 00, Lc: 0a, a0, 00, 00, 00, 62, 03, 01, 0c, 06, 01, Le: 00, SW1: 90, SW2: 00
CLA: 80, INS: 30, P1: 00, P2: 00, Lc: 01, 7f, Le: 00, SW1: 63, SW2: 01
CLA: 80, INS: 20, P1: 00, P2: 00, Lc: 04, 01, 03, 02, 66, Le: 00, SW1: 63, SW2: 00
CLA: 80, INS: 20, P1: 00, P2: 00, Lc: 05, 01, 02, 03, 04, 05, Le: 00, SW1: 90, SW2: 00
CLA: 80, INS: 50, P1: 00, P2: 00, Lc: 00, Le: 00, SW1: 67, SW2: 00
CLA: 80, INS: 50, P1: 00, P2: 00, Lc: 00, Le: 02, 00, 32, SW1: 90, SW2: 00
