CLA: 00, INS: a4, P1: 04, P2: 00, Lc: 09, a0, 00, 00, 00, 62, 03, 01, 08, 01, Le: 00, SW1: 90, SW2: 00
CAP file download section. Output suppressed.
OUTPUT OFF;
OUTPUT ON;
CLA: 80, INS: b8, P1: 00, P2: 00, Lc: 12, 0a, a0, 00, 00, 00, 62, 03, 01, 0c, 10, 01, 06, 00, 00, 03, 01, 02, 03, Le: 0a, a0, 00, 00, 00, 62, 03, 01, 0c, 10, 01, SW1: 90, SW2: 00
******************* Select applet
CLA: 00, INS: a4, P1: 04, P2: 00, Lc: 0a, a0, 00, 00, 00, 62, 03, 01, 0c, 10, 01, Le: 00, SW1: 90, SW2: 00
******************* Verify PIN; 1 2 3
CLA: 00, INS: 20, P1: 00, P2: 00, Lc: 03, 01, 02, 03, Le: 00, SW1: 90, SW2: 00
******************* get portfolio
CLA: 80, INS: 01, P1: 00, P2: 00, Lc: 00, Le: 02, e1, 00, SW1: 90, SW2: 00
******************* Buy stock
CLA: 80, INS: 03, P1: 00, P2: 00, Lc: 0b, 41, 41, 41, 41, 41, 00, 00, 00, 10, 00, 02, Le: 1d, e4, 1b, c8, 05, 41, 41, 41, 41, 41, ca, 02, 00, 02, c9, 04, 00, 00, 00, 10, cb, 08, 88, 88, 88, 88, 88, 88, 88, 88, SW1: 90, SW2: 00
******************* Update portfolio with stocks bought
CLA: 80, INS: 05, P1: 00, P2: 00, Lc: 1d, e6, 1b, c8, 05, 41, 41, 41, 41, 41, ca, 02, 00, 02, c9, 04, 00, 00, 00, 10, cb, 08, 88, 88, 88, 88, 88, 88, 88, 88, Le: 00, SW1: 90, SW2: 00
******************* get portfolio
CLA: 80, INS: 01, P1: 00, P2: 00, Lc: 00, Le: 1d, e1, 1b, e2, 19, c8, 05, 41, 41, 41, 41, 41, c9, 04, 00, 00, 00, 10, e7, 0a, c9, 04, 00, 00, 00, 10, ca, 02, 00, 02, SW1: 90, SW2: 00
******************* get stock Information
CLA: 80, INS: 02, P1: 00, P2: 00, Lc: 05, 41, 41, 41, 41, 41, Le: 1b, e2, 19, c8, 05, 41, 41, 41, 41, 41, c9, 04, 00, 00, 00, 10, e7, 0a, c9, 04, 00, 00, 00, 10, ca, 02, 00, 02, SW1: 90, SW2: 00
******************* Buy stock
CLA: 80, INS: 03, P1: 00, P2: 00, Lc: 0b, 42, 42, 42, 42, 42, 00, 00, 00, 20, 00, 03, Le: 1d, e4, 1b, c8, 05, 42, 42, 42, 42, 42, ca, 02, 00, 03, c9, 04, 00, 00, 00, 20, cb, 08, 88, 88, 88, 88, 88, 88, 88, 88, SW1: 90, SW2: 00
******************* Update portfolio with stocks bought
CLA: 80, INS: 05, P1: 00, P2: 00, Lc: 1d, e6, 1b, c8, 05, 42, 42, 42, 42, 42, ca, 02, 00, 03, c9, 04, 00, 00, 00, 20, cb, 08, 88, 88, 88, 88, 88, 88, 88, 88, Le: 00, SW1: 90, SW2: 00
******************* sell stock
CLA: 80, INS: 04, P1: 00, P2: 00, Lc: 0b, 41, 41, 41, 41, 41, 00, 00, 00, 05, 00, 02, Le: 1c, e3, 1b, c8, 05, 41, 41, 41, 41, 41, ca, 02, 00, 02, c9, 04, 00, 00, 00, 05, cb, 08, 88, 88, 88, 88, 88, 88, 88, SW1: 90, SW2: 00
******************* Update portfolio with stocks sold
CLA: 80, INS: 05, P1: 00, P2: 00, Lc: 1d, 65, 1b, c8, 05, 41, 41, 41, 41, 41, ca, 02, 00, 02, c9, 04, 00, 00, 00, 05, cb, 08, 88, 88, 88, 88, 88, 88, 88, 88, Le: 00, SW1: 63, SW2: 04
******************* get portfolio
CLA: 80, INS: 01, P1: 00, P2: 00, Lc: 00, Le: 38, e1, 36, e2, 19, c8, 05, 41, 41, 41, 41, 41, c9, 04, 00, 00, 00, 10, e7, 0a, c9, 04, 00, 00, 00, 10, ca, 02, 00, 02, e2, 19, c8, 05, 42, 42, 42, 42, 42, c9, 04, 00, 00, 00, 20, e7, 0a, c9, 04, 00, 00, 00, 20, ca, 02, 00, 03, SW1: 90, SW2: 00
******************* get stock Information
CLA: 80, INS: 02, P1: 00, P2: 00, Lc: 05, 41, 41, 41, 41, 41, Le: 1b, e2, 19, c8, 05, 41, 41, 41, 41, 41, c9, 04, 00, 00, 00, 10, e7, 0a, c9, 04, 00, 00, 00, 10, ca, 02, 00, 02, SW1: 90, SW2: 00
******************* get stock Information for a stock that doesn't exist
CLA: 80, INS: 02, P1: 00, P2: 00, Lc: 05, 42, 41, 41, 41, 43, Le: 00, SW1: 63, SW2: 01
******************* Try to sell more stock than we hold
CLA: 80, INS: 04, P1: 00, P2: 00, Lc: 0b, 41, 41, 41, 41, 41, 00, 00, 00, 55, 00, 02, Le: 00, SW1: 63, SW2: 03
******************* get Balance in BCD
CLA: 80, INS: 06, P1: 01, P2: 00, Lc: 00, Le: 08, 00, 00, 00, 99, 99, 99, 98, 72, SW1: 90, SW2: 00
******************* get Balance in HEX
CLA: 80, INS: 06, P1: 02, P2: 00, Lc: 00, Le: 08, 00, 00, 00, 02, 54, 0b, e3, 80, SW1: 90, SW2: 00
